input/1av6A.fa input/1av6A.ss input/1av6B.fa input/1av6B.ss input/1av6AB.dat
input/1c0aA.fa input/1c0aA.ss input/1c0aB.fa input/1c0aB.ss input/1c0aAB.dat
input/1ddlA.fa input/1ddlA.ss input/1ddlD.fa input/1ddlD.ss input/1ddlAD.dat
input/1dfuP.fa input/1dfuP.ss input/1dfuM.fa input/1dfuM.ss input/1dfuPM.dat
input/1dfuP.fa input/1dfuP.ss input/1dfuN.fa input/1dfuN.ss input/1dfuPN.dat
input/1di2A.fa input/1di2A.ss input/1di2C.fa input/1di2C.ss input/1di2AC.dat
input/1di2A.fa input/1di2A.ss input/1di2D.fa input/1di2D.ss input/1di2AD.dat
input/1di2A.fa input/1di2A.ss input/1di2E.fa input/1di2E.ss input/1di2AE.dat
input/1f7uA.fa input/1f7uA.ss input/1f7uB.fa input/1f7uB.ss input/1f7uAB.dat
input/1feuA.fa input/1feuA.ss input/1feuB.fa input/1feuB.ss input/1feuAB.dat
input/1feuA.fa input/1feuA.ss input/1feuC.fa input/1feuC.ss input/1feuAC.dat
input/1feuA.fa input/1feuA.ss input/1feuE.fa input/1feuE.ss input/1feuAE.dat
input/1fjgM.fa input/1fjgM.ss input/1fjgA.fa input/1fjgA.ss input/1fjgMA.dat
input/1fxlA.fa input/1fxlA.ss input/1fxlB.fa input/1fxlB.ss input/1fxlAB.dat
input/1gaxA.fa input/1gaxA.ss input/1gaxC.fa input/1gaxC.ss input/1gaxAC.dat
input/1gtfL.fa input/1gtfL.ss input/1gtfW.fa input/1gtfW.ss input/1gtfLW.dat
input/1h4sA.fa input/1h4sA.ss input/1h4sT.fa input/1h4sT.ss input/1h4sAT.dat
input/1hq1A.fa input/1hq1A.ss input/1hq1B.fa input/1hq1B.ss input/1hq1AB.dat
input/1j1uA.fa input/1j1uA.ss input/1j1uB.fa input/1j1uB.ss input/1j1uAB.dat
input/1jbsA.fa input/1jbsA.ss input/1jbsC.fa input/1jbsC.ss input/1jbsAC.dat
input/1jidA.fa input/1jidA.ss input/1jidB.fa input/1jidB.ss input/1jidAB.dat
input/1k8wA.fa input/1k8wA.ss input/1k8wB.fa input/1k8wB.ss input/1k8wAB.dat
input/1m8wA.fa input/1m8wA.ss input/1m8wC.fa input/1m8wC.ss input/1m8wAC.dat
input/1m8wA.fa input/1m8wA.ss input/1m8wE.fa input/1m8wE.ss input/1m8wAE.dat
input/1mmsA.fa input/1mmsA.ss input/1mmsC.fa input/1mmsC.ss input/1mmsAC.dat
input/1n78A.fa input/1n78A.ss input/1n78C.fa input/1n78C.ss input/1n78AC.dat
input/1ooaA.fa input/1ooaA.ss input/1ooaC.fa input/1ooaC.ss input/1ooaAC.dat
input/1q2rA.fa input/1q2rA.ss input/1q2rE.fa input/1q2rE.ss input/1q2rAE.dat
input/1qf6A.fa input/1qf6A.ss input/1qf6B.fa input/1qf6B.ss input/1qf6AB.dat
input/1sdsC.fa input/1sdsC.ss input/1sdsD.fa input/1sdsD.ss input/1sdsCD.dat
input/1sdsC.fa input/1sdsC.ss input/1sdsF.fa input/1sdsF.ss input/1sdsCF.dat
input/1vq81.fa input/1vq81.ss input/1vq80.fa input/1vq80.ss input/1vq810.dat
input/1vq83.fa input/1vq83.ss input/1vq80.fa input/1vq80.ss input/1vq830.dat
input/1vq8A.fa input/1vq8A.ss input/1vq80.fa input/1vq80.ss input/1vq8A0.dat
input/1vq8B.fa input/1vq8B.ss input/1vq80.fa input/1vq80.ss input/1vq8B0.dat
input/1vq8C.fa input/1vq8C.ss input/1vq80.fa input/1vq80.ss input/1vq8C0.dat
input/1vq8D.fa input/1vq8D.ss input/1vq80.fa input/1vq80.ss input/1vq8D0.dat
input/1vq8D.fa input/1vq8D.ss input/1vq89.fa input/1vq89.ss input/1vq8D9.dat
input/1vq8E.fa input/1vq8E.ss input/1vq80.fa input/1vq80.ss input/1vq8E0.dat
input/1vq8H.fa input/1vq8H.ss input/1vq80.fa input/1vq80.ss input/1vq8H0.dat
input/1vq8H.fa input/1vq8H.ss input/1vq89.fa input/1vq89.ss input/1vq8H9.dat
input/1vq8J.fa input/1vq8J.ss input/1vq80.fa input/1vq80.ss input/1vq8J0.dat
input/1vq8K.fa input/1vq8K.ss input/1vq80.fa input/1vq80.ss input/1vq8K0.dat
input/1vq8L.fa input/1vq8L.ss input/1vq80.fa input/1vq80.ss input/1vq8L0.dat
input/1vq8M.fa input/1vq8M.ss input/1vq80.fa input/1vq80.ss input/1vq8M0.dat
input/1vq8N.fa input/1vq8N.ss input/1vq80.fa input/1vq80.ss input/1vq8N0.dat
input/1vq8N.fa input/1vq8N.ss input/1vq89.fa input/1vq89.ss input/1vq8N9.dat
input/1vq8O.fa input/1vq8O.ss input/1vq80.fa input/1vq80.ss input/1vq8O0.dat
input/1vq8P.fa input/1vq8P.ss input/1vq80.fa input/1vq80.ss input/1vq8P0.dat
input/1vq8Q.fa input/1vq8Q.ss input/1vq80.fa input/1vq80.ss input/1vq8Q0.dat
input/1vq8Q.fa input/1vq8Q.ss input/1vq89.fa input/1vq89.ss input/1vq8Q9.dat
input/1vq8R.fa input/1vq8R.ss input/1vq80.fa input/1vq80.ss input/1vq8R0.dat
input/1vq8U.fa input/1vq8U.ss input/1vq80.fa input/1vq80.ss input/1vq8U0.dat
input/1vq8V.fa input/1vq8V.ss input/1vq80.fa input/1vq80.ss input/1vq8V0.dat
input/1vq8W.fa input/1vq8W.ss input/1vq80.fa input/1vq80.ss input/1vq8W0.dat
input/1vq8W.fa input/1vq8W.ss input/1vq89.fa input/1vq89.ss input/1vq8W9.dat
input/1vq8X.fa input/1vq8X.ss input/1vq80.fa input/1vq80.ss input/1vq8X0.dat
input/1wpuA.fa input/1wpuA.ss input/1wpuC.fa input/1wpuC.ss input/1wpuAC.dat
input/1yz9A.fa input/1yz9A.ss input/1yz9C.fa input/1yz9C.ss input/1yz9AC.dat
input/1yz9A.fa input/1yz9A.ss input/1yz9D.fa input/1yz9D.ss input/1yz9AD.dat
input/1yz9A.fa input/1yz9A.ss input/1yz9E.fa input/1yz9E.ss input/1yz9AE.dat
input/1yz9A.fa input/1yz9A.ss input/1yz9F.fa input/1yz9F.ss input/1yz9AF.dat
input/1zh5A.fa input/1zh5A.ss input/1zh5C.fa input/1zh5C.ss input/1zh5AC.dat
input/1zh5A.fa input/1zh5A.ss input/1zh5D.fa input/1zh5D.ss input/1zh5AD.dat
input/1zhoA.fa input/1zhoA.ss input/1zhoB.fa input/1zhoB.ss input/1zhoAB.dat
input/1zhoA.fa input/1zhoA.ss input/1zhoH.fa input/1zhoH.ss input/1zhoAH.dat
input/2a8vA.fa input/2a8vA.ss input/2a8vD.fa input/2a8vD.ss input/2a8vAD.dat
input/2anrA.fa input/2anrA.ss input/2anrB.fa input/2anrB.ss input/2anrAB.dat
input/2asbA.fa input/2asbA.ss input/2asbB.fa input/2asbB.ss input/2asbAB.dat
input/2bggA.fa input/2bggA.ss input/2bggP.fa input/2bggP.ss input/2bggAP.dat
input/2bggA.fa input/2bggA.ss input/2bggQ.fa input/2bggQ.ss input/2bggAQ.dat
input/2bu1A.fa input/2bu1A.ss input/2bu1R.fa input/2bu1R.ss input/2bu1AR.dat
input/2e9tA.fa input/2e9tA.ss input/2e9tB.fa input/2e9tB.ss input/2e9tAB.dat
input/2e9tA.fa input/2e9tA.ss input/2e9tC.fa input/2e9tC.ss input/2e9tAC.dat
input/2fk6A.fa input/2fk6A.ss input/2fk6R.fa input/2fk6R.ss input/2fk6AR.dat
input/2fmtA.fa input/2fmtA.ss input/2fmtC.fa input/2fmtC.ss input/2fmtAC.dat
input/2gicA.fa input/2gicA.ss input/2gicR.fa input/2gicR.ss input/2gicAR.dat
input/2j01I.fa input/2j01I.ss input/2j01A.fa input/2j01A.ss input/2j01IA.dat
input/2j01R.fa input/2j01R.ss input/2j01A.fa input/2j01A.ss input/2j01RA.dat
input/2q66A.fa input/2q66A.ss input/2q66X.fa input/2q66X.ss input/2q66AX.dat
input/2r8sL.fa input/2r8sL.ss input/2r8sR.fa input/2r8sR.ss input/2r8sLR.dat
input/2vqeB.fa input/2vqeB.ss input/2vqeA.fa input/2vqeA.ss input/2vqeBA.dat
input/2vqeC.fa input/2vqeC.ss input/2vqeA.fa input/2vqeA.ss input/2vqeCA.dat
input/2vqeD.fa input/2vqeD.ss input/2vqeA.fa input/2vqeA.ss input/2vqeDA.dat
input/2vqeF.fa input/2vqeF.ss input/2vqeA.fa input/2vqeA.ss input/2vqeFA.dat
input/2vqeG.fa input/2vqeG.ss input/2vqeA.fa input/2vqeA.ss input/2vqeGA.dat
input/2vqeH.fa input/2vqeH.ss input/2vqeA.fa input/2vqeA.ss input/2vqeHA.dat
input/2vqeI.fa input/2vqeI.ss input/2vqeA.fa input/2vqeA.ss input/2vqeIA.dat
input/2vqeJ.fa input/2vqeJ.ss input/2vqeA.fa input/2vqeA.ss input/2vqeJA.dat
input/2vqeK.fa input/2vqeK.ss input/2vqeA.fa input/2vqeA.ss input/2vqeKA.dat
input/2vqeN.fa input/2vqeN.ss input/2vqeA.fa input/2vqeA.ss input/2vqeNA.dat
input/2vqeP.fa input/2vqeP.ss input/2vqeA.fa input/2vqeA.ss input/2vqePA.dat
input/2vqeR.fa input/2vqeR.ss input/2vqeA.fa input/2vqeA.ss input/2vqeRA.dat
input/2vqeS.fa input/2vqeS.ss input/2vqeA.fa input/2vqeA.ss input/2vqeSA.dat
input/2vqeT.fa input/2vqeT.ss input/2vqeA.fa input/2vqeA.ss input/2vqeTA.dat
input/2zueA.fa input/2zueA.ss input/2zueB.fa input/2zueB.ss input/2zueAB.dat
input/3gibA.fa input/3gibA.ss input/3gibH.fa input/3gibH.ss input/3gibAH.dat
input/3ievA.fa input/3ievA.ss input/3ievD.fa input/3ievD.ss input/3ievAD.dat
